/home/FarhadRasapour/cs253/students2_5/AaronParish@u.boisestate.edu/backpack
